// Jest Snapshot v1, https://goo.gl/fbAQLP

exports[`>>> B U T T O N ---- Test & Snapshot <<< +++ Capturing Snapshot of Button +++ 1`] = `
<button
  id="buttonId"
  type="button"
  value="Test button"
>
  Test button
</button>
`;
