// Jest Snapshot v1, https://goo.gl/fbAQLP

exports[`>>> L O G I N ---- Test & Snapshot <<< +++ Capturing Snapshot of Login component +++ 1`] = `
<div
  className="float__container"
>
  <header
    className=""
    id="header"
  >
    <nav
      className="nav__left"
    >
      <a
        aria-current="page"
        className="active"
        href="/"
        onClick={[Function]}
        style={Object {}}
      >
        <div
          className="seek__logo"
        />
      </a>
      
    </nav>
    
  </header>
  <main
    className="login__component"
  >
    <div
      className="content__wrapper"
    >
      <form
        className="sign__in__form"
        id="signInForm"
      >
        <h1>
          Sign in
        </h1>
        <div
          className="form__wrapper"
        >
          <label
            htmlFor="username"
          >
            Email Address
          </label>
          <input
            autoComplete="off"
            id="username"
            maxLength={50}
            minLength={6}
            name="username"
            onChange={[Function]}
            onKeyPress={[Function]}
            type="text"
          />
        </div>
        <div
          className="form__wrapper"
        >
          <label
            htmlFor="password"
          >
            Password
          </label>
          <input
            autoComplete="off"
            id="password"
            maxLength={50}
            minLength={6}
            name="password"
            onChange={[Function]}
            onKeyPress={[Function]}
            type="text"
          />
        </div>
        <div
          className="form__wrapper"
        >
          <button
            className="button__sign__in"
            onClick={[Function]}
            type="button"
            value="Sign in"
          >
            Sign in
          </button>
        </div>
        <div
          className="form__wrapper"
        >
          Don't have account? 
          <b>
            Sign up
          </b>
        </div>
      </form>
    </div>
  </main>
</div>
`;
